---
source: packages/qwik-optimizer/rust/core/src/test.rs
assertion_line: 328
expression: output
---
==INPUT==


import { $, component$, useStore } from '@builder.io/qwik';
const Header = component$(() => {
	const thing = useStore();
	const {foo, bar} = foo();

	return (
		<div>{thing}</div>
	);
});

============================= header_component_j4uyihabnr4.tsx (ENTRY POINT)==

import { useStore } from "@builder.io/qwik";
export const Header_component_J4uyIhaBNR4 = ()=>{
    const thing = useStore();
    const { foo, bar } = foo();
    return <div>{thing}</div>;
};


Some("{\"version\":3,\"sources\":[\"/user/qwik/src/test.tsx\"],\"names\":[],\"mappings\":\";4CAE0B;IACzB,MAAM,QAAQ;IACd,MAAM,EAAC,GAAG,EAAE,GAAG,EAAC,GAAG;IAEnB,QACE,KAAK,QAAQ;AAEhB\"}")
/*
{
  "origin": "test.tsx",
  "name": "Header_component_J4uyIhaBNR4",
  "entry": null,
  "displayName": "Header_component",
  "hash": "J4uyIhaBNR4",
  "canonicalFilename": "header_component_j4uyihabnr4",
  "path": "",
  "extension": "tsx",
  "parent": null,
  "ctxKind": "function",
  "ctxName": "component$",
  "captures": false,
  "loc": [
    88,
    187
  ]
}
*/
============================= test.tsx ==

import { componentQrl } from "@builder.io/qwik";
import { qrl } from "@builder.io/qwik";
import { $, component$, useStore } from '@builder.io/qwik';
const Header = /*#__PURE__*/ componentQrl(/*#__PURE__*/ qrl(()=>import("./header_component_j4uyihabnr4"), "Header_component_J4uyIhaBNR4"));


Some("{\"version\":3,\"sources\":[\"/user/qwik/src/test.tsx\"],\"names\":[],\"mappings\":\";;AACA,SAAS,CAAC,EAAE,UAAU,EAAE,QAAQ,QAAQ,mBAAmB;AAC3D,MAAM,uBAAS\"}")
== DIAGNOSTICS ==

[]
