---
source: packages/qwik-optimizer/rust/core/src/test.rs
assertion_line: 2253
expression: output
---
==INPUT==


import { component$, useStore } from '@builder.io/qwik';

export enum Thing {
	A,
	B
}

export const App = component$(() => {
	console.log(Thing.A);
	return (
		<>
			<p class="stuff">Hello Qwik</p>
		</>
	);
});

============================= test.js ==

import { componentQrl } from "@builder.io/qwik";
import { qrl } from "@builder.io/qwik";
export let Thing;
(function(Thing) {
    Thing[Thing["A"] = 0] = "A";
    Thing[Thing["B"] = 1] = "B";
})(Thing || (Thing = {}));
export const App = /*#__PURE__*/ componentQrl(/*#__PURE__*/ qrl(()=>import("./app_component_ckepmxzlub0"), "App_component_ckEPmXZlub0"));


Some("{\"version\":3,\"sources\":[\"/user/qwik/src/test.tsx\"],\"names\":[],\"mappings\":\";;;UAGY;;;GAAA,UAAA;AAKZ,OAAO,MAAM,oBAAM,wGAOhB\"}")
============================= app_component_ckepmxzlub0.js (ENTRY POINT)==

import { Fragment as _Fragment } from "@builder.io/qwik/jsx-runtime";
import { _jsxSorted } from "@builder.io/qwik";
export const App_component_ckEPmXZlub0 = ()=>{
    console.log(0);
    return /*#__PURE__*/ _jsxSorted(_Fragment, null, null, /*#__PURE__*/ _jsxSorted("p", null, {
        class: "stuff"
    }, "Hello Qwik", 3, null), 3, "u6_0");
};


Some("{\"version\":3,\"sources\":[\"/user/qwik/src/test.tsx\"],\"names\":[],\"mappings\":\";;yCAQ8B;IAC7B,QAAQ,GAAG;IACX,qBACC,gDACC,WAAC;QAAE,OAAM;OAAQ;AAGpB\"}")
/*
{
  "origin": "test.tsx",
  "name": "App_component_ckEPmXZlub0",
  "entry": null,
  "displayName": "App_component",
  "hash": "ckEPmXZlub0",
  "canonicalFilename": "app_component_ckepmxzlub0",
  "path": "",
  "extension": "js",
  "parent": null,
  "ctxKind": "function",
  "ctxName": "component$",
  "captures": false,
  "loc": [
    120,
    212
  ]
}
*/
== DIAGNOSTICS ==

[]
