---
source: packages/qwik/src/optimizer/core/src/test.rs
assertion_line: 2208
expression: output
---
==INPUT==


import { component$, useStore } from '@builder.io/qwik';

export const App = component$(() => {
    return (
        <Cmp>
            <p class="stuff" onClick$={() => console.log('warn')}>Hello Qwik</p>
        </Cmp>
    );
});

============================= test.js ==

import { componentQrl } from "@builder.io/qwik";
import { inlinedQrlDEV } from "@builder.io/qwik";
import { _jsxQ } from "@builder.io/qwik";
import { _jsxC } from "@builder.io/qwik";
export const App = /*#__PURE__*/ componentQrl(/*#__PURE__*/ inlinedQrlDEV(()=>{
    return /*#__PURE__*/ _jsxC(Cmp, {
        children: /*#__PURE__*/ _jsxQ("p", null, {
            class: "stuff",
            onClick$: /*#__PURE__*/ inlinedQrlDEV(()=>console.log('warn'), "App_component_Cmp_p_onClick_vuXzfUTkpto", {
                file: "/user/qwik/src/test.tsx",
                lo: 164,
                hi: 189,
                displayName: "App_component_Cmp_p_onClick"
            })
        }, "Hello Qwik", 3, null, {
            fileName: "test.tsx",
            lineNumber: 7,
            columnNumber: 13
        })
    }, 3, "u6_0", {
        fileName: "test.tsx",
        lineNumber: 6,
        columnNumber: 9
    });
}, "App_component_ckEPmXZlub0", {
    file: "/user/qwik/src/test.tsx",
    lo: 90,
    hi: 229,
    displayName: "App_component"
}));


Some("{\"version\":3,\"sources\":[\"/user/qwik/src/test.tsx\"],\"names\":[],\"mappings\":\";;;;AAGA,OAAO,MAAM,oBAAM,yCAAW,IAAM;IAChC,qBACI,MAAC;kBACG,cAAA,MAAC;YAAE,OAAM;YAAQ,QAAQ,8BAAE,IAAM,QAAQ,GAAG,CAAC;;;;;;WAAS;;;;;;;;;;AAGlE;;;;;IAAG\"}")
== DIAGNOSTICS ==

[]
