---
source: packages/qwik/src/optimizer/core/src/test.rs
assertion_line: 3736
expression: output
snapshot_kind: text
---
==INPUT==


		import { component$, useSignal } from "@qwik.dev/core";
		export default component$((props) => {
			const { 'bind:value': bindValue } = props;
			const test = useSignal(bindValue);
			return (
				<>
				{test.value}
				</>
			);
		});
		
============================= test.js ==

import { componentQrl } from "@qwik.dev/core";
import { qrl } from "@qwik.dev/core";
const i_LUXeXe0DQrg = ()=>import("./test.tsx_test_component_LUXeXe0DQrg");
export default /*#__PURE__*/ componentQrl(/*#__PURE__*/ qrl(i_LUXeXe0DQrg, "test_component_LUXeXe0DQrg"));


Some("{\"version\":3,\"sources\":[\"/user/qwik/src/test.tsx\"],\"names\":[],\"mappings\":\";;;AAEE,6BAAe,6EAQZ\"}")
============================= test.tsx_test_component_LUXeXe0DQrg.js (ENTRY POINT)==

import { Fragment as _Fragment } from "@qwik.dev/core/jsx-runtime";
import { _jsxSorted } from "@qwik.dev/core";
import { _wrapProp } from "@qwik.dev/core";
import { useSignal } from "@qwik.dev/core";
export const test_component_LUXeXe0DQrg = (props)=>{
    const test = useSignal(props["bind:value"]);
    return /*#__PURE__*/ _jsxSorted(_Fragment, null, null, _wrapProp(test), 3, "u6_0");
};


Some("{\"version\":3,\"sources\":[\"/user/qwik/src/test.tsx\"],\"names\":[],\"mappings\":\";;;;0CAE4B,CAAC;IAE1B,MAAM,OAAO,UADuB;IAEpC,qBACC,4CACC;AAGH\"}")
/*
{
  "origin": "test.tsx",
  "name": "test_component_LUXeXe0DQrg",
  "entry": null,
  "displayName": "test.tsx_test_component",
  "hash": "LUXeXe0DQrg",
  "canonicalFilename": "test.tsx_test_component_LUXeXe0DQrg",
  "path": "",
  "extension": "js",
  "parent": null,
  "ctxKind": "function",
  "ctxName": "component$",
  "captures": false,
  "loc": [
    88,
    238
  ],
  "paramNames": [
    "props"
  ]
}
*/
== DIAGNOSTICS ==

[]
