---
source: packages/qwik/src/optimizer/core/src/test.rs
assertion_line: 1661
expression: output
snapshot_kind: text
---
==INPUT==


import { component$, useTask$, useStore, useStyles$ } from '@qwik.dev/core';
import mongo from 'mongodb';
import redis from 'redis';

export const Parent = component$(() => {
	const state = useStore({
		text: ''
	});

	// Double count watch
	useTask$(async () => {
		state.text = await mongo.users();
		redis.set(state.text);
	});

	return (
		<div onClick$={() => console.log('parent')}>
			{state.text}
		</div>
	);
});

export const Child = component$(() => {
	const state = useStore({
		text: ''
	});

	// Double count watch
	useTask$(async () => {
		state.text = await mongo.users();
	});

	return (
		<div onClick$={() => console.log('child')}>
			{state.text}
		</div>
	);
});

============================= test.tsx_Parent_component_useTask_gDH1EtUWqBU.js ==

import { useLexicalScope } from "@qwik.dev/core";
import mongo from "mongodb";
import redis from "redis";
export const Parent_component_useTask_gDH1EtUWqBU = async ()=>{
    const [state] = useLexicalScope();
    state.text = await mongo.users();
    redis.set(state.text);
};


Some("{\"version\":3,\"sources\":[\"/user/qwik/src/test.tsx\"],\"names\":[],\"mappings\":\";;;oDAWU;;IACR,MAAM,IAAI,GAAG,MAAM,MAAM,KAAK;IAC9B,MAAM,GAAG,CAAC,MAAM,IAAI\"}")
/*
{
  "origin": "test.tsx",
  "name": "Parent_component_useTask_gDH1EtUWqBU",
  "entry": "test.tsx_entry_Parent",
  "displayName": "test.tsx_Parent_component_useTask",
  "hash": "gDH1EtUWqBU",
  "canonicalFilename": "test.tsx_Parent_component_useTask_gDH1EtUWqBU",
  "path": "",
  "extension": "js",
  "parent": "Parent_component_0TaiDayHrlo",
  "ctxKind": "function",
  "ctxName": "useTask$",
  "captures": true,
  "loc": [
    253,
    330
  ],
  "captureNames": [
    "state"
  ]
}
*/
============================= test.js ==

import { componentQrl } from "@qwik.dev/core";
import { qrl } from "@qwik.dev/core";
const i_0TaiDayHrlo = ()=>import("./test.tsx_Parent_component_0TaiDayHrlo");
const i_9GyF01GDKqw = ()=>import("./test.tsx_Child_component_9GyF01GDKqw");
export const Parent = /*#__PURE__*/ componentQrl(/*#__PURE__*/ qrl(i_0TaiDayHrlo, "Parent_component_0TaiDayHrlo"));
export const Child = /*#__PURE__*/ componentQrl(/*#__PURE__*/ qrl(i_9GyF01GDKqw, "Child_component_9GyF01GDKqw"));


Some("{\"version\":3,\"sources\":[\"/user/qwik/src/test.tsx\"],\"names\":[],\"mappings\":\";;;;AAKA,OAAO,MAAM,uBAAS,+EAgBnB;AAEH,OAAO,MAAM,sBAAQ,8EAelB\"}")
============================= test.tsx_Child_component_useTask_Oh4n7ZeqJkU.js ==

import { useLexicalScope } from "@qwik.dev/core";
import mongo from "mongodb";
export const Child_component_useTask_Oh4n7ZeqJkU = async ()=>{
    const [state] = useLexicalScope();
    state.text = await mongo.users();
};


Some("{\"version\":3,\"sources\":[\"/user/qwik/src/test.tsx\"],\"names\":[],\"mappings\":\";;mDA6BU;;IACR,MAAM,IAAI,GAAG,MAAM,MAAM,KAAK\"}")
/*
{
  "origin": "test.tsx",
  "name": "Child_component_useTask_Oh4n7ZeqJkU",
  "entry": "test.tsx_entry_Child",
  "displayName": "test.tsx_Child_component_useTask",
  "hash": "Oh4n7ZeqJkU",
  "canonicalFilename": "test.tsx_Child_component_useTask_Oh4n7ZeqJkU",
  "path": "",
  "extension": "js",
  "parent": "Child_component_9GyF01GDKqw",
  "ctxKind": "function",
  "ctxName": "useTask$",
  "captures": true,
  "loc": [
    541,
    593
  ],
  "captureNames": [
    "state"
  ]
}
*/
============================= test.tsx_Parent_component_0TaiDayHrlo.js ==

import { _jsxSorted } from "@qwik.dev/core";
import { _wrapProp } from "@qwik.dev/core";
import { qrl } from "@qwik.dev/core";
import { useStore } from "@qwik.dev/core";
import { useTaskQrl } from "@qwik.dev/core";
const i_C5XE49Nqd3A = ()=>import("./test.tsx_Parent_component_div_onClick_C5XE49Nqd3A");
const i_gDH1EtUWqBU = ()=>import("./test.tsx_Parent_component_useTask_gDH1EtUWqBU");
export const Parent_component_0TaiDayHrlo = ()=>{
    const state = useStore({
        text: ''
    });
    // Double count watch
    useTaskQrl(/*#__PURE__*/ qrl(i_gDH1EtUWqBU, "Parent_component_useTask_gDH1EtUWqBU", [
        state
    ]));
    return /*#__PURE__*/ _jsxSorted("div", null, {
        onClick$: /*#__PURE__*/ qrl(i_C5XE49Nqd3A, "Parent_component_div_onClick_C5XE49Nqd3A")
    }, _wrapProp(state, "text"), 3, "u6_0");
};


Some("{\"version\":3,\"sources\":[\"/user/qwik/src/test.tsx\"],\"names\":[],\"mappings\":\";;;;;;;4CAKiC;IAChC,MAAM,QAAQ,SAAS;QACtB,MAAM;IACP;IAEA,qBAAqB;IACrB;;;IAKA,qBACC,WAAC;QAAI,QAAQ;iBACX;AAGJ\"}")
/*
{
  "origin": "test.tsx",
  "name": "Parent_component_0TaiDayHrlo",
  "entry": "test.tsx_entry_Parent",
  "displayName": "test.tsx_Parent_component",
  "hash": "0TaiDayHrlo",
  "canonicalFilename": "test.tsx_Parent_component_0TaiDayHrlo",
  "path": "",
  "extension": "js",
  "parent": null,
  "ctxKind": "function",
  "ctxName": "component$",
  "captures": false,
  "loc": [
    169,
    421
  ]
}
*/
============================= test.tsx_Parent_component_div_onClick_C5XE49Nqd3A.js (ENTRY POINT)==

export const Parent_component_div_onClick_C5XE49Nqd3A = ()=>console.log('parent');


Some("{\"version\":3,\"sources\":[\"/user/qwik/src/test.tsx\"],\"names\":[],\"mappings\":\"wDAiBiB,IAAM,QAAQ,GAAG,CAAC\"}")
/*
{
  "origin": "test.tsx",
  "name": "Parent_component_div_onClick_C5XE49Nqd3A",
  "entry": null,
  "displayName": "test.tsx_Parent_component_div_onClick",
  "hash": "C5XE49Nqd3A",
  "canonicalFilename": "test.tsx_Parent_component_div_onClick_C5XE49Nqd3A",
  "path": "",
  "extension": "js",
  "parent": "Parent_component_0TaiDayHrlo",
  "ctxKind": "eventHandler",
  "ctxName": "onClick$",
  "captures": false,
  "loc": [
    361,
    388
  ]
}
*/
============================= test.tsx_Child_component_9GyF01GDKqw.js ==

import { _jsxSorted } from "@qwik.dev/core";
import { _wrapProp } from "@qwik.dev/core";
import { qrl } from "@qwik.dev/core";
import { useStore } from "@qwik.dev/core";
import { useTaskQrl } from "@qwik.dev/core";
const i_Oh4n7ZeqJkU = ()=>import("./test.tsx_Child_component_useTask_Oh4n7ZeqJkU");
const i_elliVSnAiOQ = ()=>import("./test.tsx_Child_component_div_onClick_elliVSnAiOQ");
export const Child_component_9GyF01GDKqw = ()=>{
    const state = useStore({
        text: ''
    });
    // Double count watch
    useTaskQrl(/*#__PURE__*/ qrl(i_Oh4n7ZeqJkU, "Child_component_useTask_Oh4n7ZeqJkU", [
        state
    ]));
    return /*#__PURE__*/ _jsxSorted("div", null, {
        onClick$: /*#__PURE__*/ qrl(i_elliVSnAiOQ, "Child_component_div_onClick_elliVSnAiOQ")
    }, _wrapProp(state, "text"), 3, "u6_1");
};


Some("{\"version\":3,\"sources\":[\"/user/qwik/src/test.tsx\"],\"names\":[],\"mappings\":\";;;;;;;2CAuBgC;IAC/B,MAAM,QAAQ,SAAS;QACtB,MAAM;IACP;IAEA,qBAAqB;IACrB;;;IAIA,qBACC,WAAC;QAAI,QAAQ;iBACX;AAGJ\"}")
/*
{
  "origin": "test.tsx",
  "name": "Child_component_9GyF01GDKqw",
  "entry": "test.tsx_entry_Child",
  "displayName": "test.tsx_Child_component",
  "hash": "9GyF01GDKqw",
  "canonicalFilename": "test.tsx_Child_component_9GyF01GDKqw",
  "path": "",
  "extension": "js",
  "parent": null,
  "ctxKind": "function",
  "ctxName": "component$",
  "captures": false,
  "loc": [
    457,
    683
  ]
}
*/
============================= test.tsx_Child_component_div_onClick_elliVSnAiOQ.js (ENTRY POINT)==

export const Child_component_div_onClick_elliVSnAiOQ = ()=>console.log('child');


Some("{\"version\":3,\"sources\":[\"/user/qwik/src/test.tsx\"],\"names\":[],\"mappings\":\"uDAkCiB,IAAM,QAAQ,GAAG,CAAC\"}")
/*
{
  "origin": "test.tsx",
  "name": "Child_component_div_onClick_elliVSnAiOQ",
  "entry": null,
  "displayName": "test.tsx_Child_component_div_onClick",
  "hash": "elliVSnAiOQ",
  "canonicalFilename": "test.tsx_Child_component_div_onClick_elliVSnAiOQ",
  "path": "",
  "extension": "js",
  "parent": "Child_component_9GyF01GDKqw",
  "ctxKind": "eventHandler",
  "ctxName": "onClick$",
  "captures": false,
  "loc": [
    624,
    650
  ]
}
*/
== DIAGNOSTICS ==

[]
