---
source: packages/qwik/src/optimizer/core/src/test.rs
assertion_line: 245
expression: output
---
==INPUT==


import { $, component$ } from '@builder.io/qwik';
const Header = $((decl1, {decl2}, [decl3]) => {
    const {decl4, key: decl5} = this;
    let [decl6, ...decl7] = stuff;
    const decl8 = 1, decl9;
    function decl10(decl11, {decl12}, [decl13]) {}
    class decl14 {
        method(decl15, {decl16}, [decl17]) {}
    }
    try{}catch(decl18){}
    try{}catch({decl19}){}
});

============================= header_wjuauqn7oxg.tsx (ENTRY POINT)==

export const Header_WjUaUQN7Oxg = (decl1, { decl2  }, [decl3])=>{
    const { decl4 , key: decl5  } = this;
    let [decl6, ...decl7] = stuff;
};
export { _hW } from "@builder.io/qwik";


Some("{\"version\":3,\"sources\":[\"/user/qwik/src/test.tsx\"],\"names\":[],\"mappings\":\"kCAEiB,CAAC,OAAO,EAAC,MAAK,EAAC,EAAE,CAAC,MAAM,GAAK;IAC1C,MAAM,EAAC,MAAK,EAAE,KAAK,MAAK,EAAC,GAAG,IAAI;IAChC,IAAI,CAAC,OAAO,GAAG,MAAM,GAAG;AAQ5B\"}")
/*
{
  "origin": "test.tsx",
  "name": "Header_WjUaUQN7Oxg",
  "entry": null,
  "displayName": "Header",
  "hash": "WjUaUQN7Oxg",
  "canonicalFilename": "header_wjuauqn7oxg",
  "path": "",
  "extension": "tsx",
  "parent": null,
  "ctxKind": "function",
  "ctxName": "$",
  "captures": false,
  "loc": [
    69,
    376
  ]
}
*/
============================= test.tsx ==

import { qrl } from "@builder.io/qwik";
/*#__PURE__*/ qrl(()=>import("./header_wjuauqn7oxg"), "Header_WjUaUQN7Oxg");


Some("{\"version\":3,\"sources\":[],\"names\":[],\"mappings\":\"\"}")
== DIAGNOSTICS ==

[]
