---
source: packages/qwik/src/optimizer/core/src/test.rs
assertion_line: 4360
expression: output
snapshot_kind: text
---
==INPUT==


		import { component$, useSignal } from '@qwik.dev/core';

		export default component$(() => {
			const count = useSignal(0);
			return (
				<div>
					{(count as any).value}
				</div>
			);
		});
		
============================= test.js ==

import { componentQrl } from "@qwik.dev/core";
import { qrl } from "@qwik.dev/core";
const i_LUXeXe0DQrg = ()=>import("./test.tsx_test_component_LUXeXe0DQrg");
export default /*#__PURE__*/ componentQrl(/*#__PURE__*/ qrl(i_LUXeXe0DQrg, "test_component_LUXeXe0DQrg"));


Some("{\"version\":3,\"sources\":[\"/user/qwik/src/test.tsx\"],\"names\":[],\"mappings\":\";;;AAGE,6BAAe,6EAOZ\"}")
============================= test.tsx_test_component_LUXeXe0DQrg.js (ENTRY POINT)==

import { _jsxSorted } from "@qwik.dev/core";
import { _wrapProp } from "@qwik.dev/core";
import { useSignal } from "@qwik.dev/core";
export const test_component_LUXeXe0DQrg = ()=>{
    const count = useSignal(0);
    return /*#__PURE__*/ _jsxSorted("div", null, null, _wrapProp(count), 3, "u6_0");
};


Some("{\"version\":3,\"sources\":[\"/user/qwik/src/test.tsx\"],\"names\":[],\"mappings\":\";;;0CAG4B;IACzB,MAAM,QAAQ,UAAU;IACxB,qBACC,WAAC,6BACE;AAGL\"}")
/*
{
  "origin": "test.tsx",
  "name": "test_component_LUXeXe0DQrg",
  "entry": null,
  "displayName": "test.tsx_test_component",
  "hash": "LUXeXe0DQrg",
  "canonicalFilename": "test.tsx_test_component_LUXeXe0DQrg",
  "path": "",
  "extension": "js",
  "parent": null,
  "ctxKind": "function",
  "ctxName": "component$",
  "captures": false,
  "loc": [
    89,
    198
  ]
}
*/
== DIAGNOSTICS ==

[]
