---
source: packages/qwik/src/optimizer/core/src/test.rs
assertion_line: 1461
expression: output
---
==INPUT==


import { component$ } from '@builder.io/qwik';

export default component$(() => {
    return (
        <div onClick$={() => console.log(mongodb)}>
        </div>
    );
});


============================= src/components/mongo/index.tsx ==

import { componentQrl } from "@builder.io/qwik";
import { inlinedQrl } from "@builder.io/qwik";
export default /*#__PURE__*/ componentQrl(/*#__PURE__*/ inlinedQrl(()=>{
    return <div onClick$={/*#__PURE__*/ inlinedQrl(()=>console.log(mongodb), "mongo_component_div_onClick_2EK0wZbP8qw")}>

        </div>;
}, "mongo_component_ouWLj4jA2oI"));


Some("{\"version\":3,\"sources\":[\"/user/qwik/src/src/components/mongo/index.tsx\"],\"names\":[],\"mappings\":\";;AAGA,6BAAe,sCAAW,IAAM;IAC5B,QACK,IAAI,mCAAU,IAAM,QAAQ,GAAG,CAAC,sDAAU;;QAC3C,EAAE;AAEV,mCAAG\"}")
== DIAGNOSTICS ==

[]
